[    2233ms] [LOG] =============================================================== @ https://savanna.tgcloud.io/assets/main-CRUrphJC.js:69
[    2233ms] [LOG]  _______                 ______                 __ @ https://savanna.tgcloud.io/assets/main-CRUrphJC.js:69
[    2233ms] [LOG]  /_  __(_)___ ____  _____/ ____/________ _____  / /_ @ https://savanna.tgcloud.io/assets/main-CRUrphJC.js:69
[    2233ms] [LOG]   / / / / __ `/ _ \/ ___/ / __/ ___/ __ `/ __ \/ __ \ @ https://savanna.tgcloud.io/assets/main-CRUrphJC.js:69
[    2233ms] [LOG]  / / / / /_/ /  __/ /  / /_/ / /  / /_/ / /_/ / / / / @ https://savanna.tgcloud.io/assets/main-CRUrphJC.js:69
[    2233ms] [LOG] /_/ /_/\__, /\___/_/   \____/_/   \__,_/ .___/_/ /_/ @ https://savanna.tgcloud.io/assets/main-CRUrphJC.js:69
[    2233ms] [LOG]      /____/                          /_/ @ https://savanna.tgcloud.io/assets/main-CRUrphJC.js:69
[    2233ms] [LOG] =============================================================== @ https://savanna.tgcloud.io/assets/main-CRUrphJC.js:69
[    2233ms] [LOG] TigerGraph Savanna 1.7.0.8521 @ https://savanna.tgcloud.io/assets/main-CRUrphJC.js:69
[    2233ms] [LOG] Powered by TigerGraph @ https://savanna.tgcloud.io/assets/main-CRUrphJC.js:69
[    2234ms] [LOG] Wasm SIMD support detected! @ https://savanna.tgcloud.io/assets/vendor-BmmToX3A.js:1895
[    3489ms] [LOG] fetch session status... @ https://savanna.tgcloud.io/assets/main-CRUrphJC.js:69
[    6751ms] [ERROR] Failed to load resource: the server responded with a status of 404 () @ https://auth.tgcloud.io/favicon.ico:0
[  212567ms] [VERBOSE] [DOM] Password field is not contained in a form: (More info: https://goo.gl/9p2vKq) %o @ https://accounts.google.com/v3/signin/identifier?opparams=%253Flibrary_name%253DAuth0&dsh=S-432673152%3A1790170097744645&client_id=310784031774-urlisipbtcepks7jh8as1h6556v8bjok.apps.googleusercontent.com&o2v=1&redirect_uri=https%3A%2F%2Fauth.tgcloud.io%2Flogin%2Fcallback&response_type=code&scope=email+profile&service=lso&state=Nx10uMyzPKTow0SnFCPGvbpLnBUut-JF&flowName=GeneralOAuthFlow&continue=https%3A%2F%2Faccounts.google.com%2Fsignin%2Foauth%2Fconsent%3Fauthuser%3Dunknown%26part%3DAJi8hAOKLmLmQC3E0iGLXLOL7r8lq4veC0eF2pccdtABYDBQnX5mwOnBD0wBPWEmUnqt-Tre7tiquiWF2tlq60XIINZ2bSevEhlXR7Lo7PvYftg_E9Ud2DsT54v2oXIwu-JwU3N7ES3ZTvdcEyuKNuj-R0qZXZtrKmtZVveXdnftyrLbhTc7zm89mHYlbh6wno-D5ZjaSAUfNCs-nf1qBVdk5xS8nZW97CKqtJ0JIPi8fHW6_FI8WT0_B7hQWxcqw88vxJ2yHieMX753XKczksNoUoaL5n0itgLlTI0FqNWrwc7hDAAjBw-q_Iu0htf1zd_6OqFdjuHZQrOo5XfhNFn_oGqSfUup-o83ykIglqCLI4WazumMrtjFzIg9fGwRWEGgzFFs5a-fGNlLddOoN7hctrkRktoDF9T6JnIINCw0eNWypXOnaTMfxzOZMOW1mwDUBJGosGti055ZmZv5B-iv_sd3jjPV7Q%26flowName%3DGeneralOAuthFlow%26as%3DS-432673152%253A1790170097744645%26client_id%3D310784031774-urlisipbtcepks7jh8as1h6556v8bjok.apps.googleusercontent.com%26requestPath%3D%252Fsignin%252Foauth%252Fconsent%23&app_domain=https%3A%2F%2Fauth.tgcloud.io&rart=ANgoxcfKQl-wT5-i5OGR8uA6TNan7cJKNpZEb-R4ezpgh8K2tGM42hmdG1Wm0LUQ7-k26PUAXBp16WO9KNExEUXfrJ3tlE8KA_Co51yiyxyCkhAjp8qGAxk:0
[  212576ms] [LOG] %c%s color: red; background: yellow; font-size: 24px; WARNING! @ https://www.gstatic.com/_/mss/boq-identity/_/js/k=boq-identity.AccountsSignInUi.en_US.HlNk4SmlRUo.es5.O/am=QQQAAADgwBsJAPrfAAACCLYDvq8FoAkQMgAAAAAAAAAAgBUAAFQRQA/d=1/excm=_b,_tp,identifierview/ed=1/dg=0/wt=2/ujg=1/rs=AOaEmlFuP7_syj3vWKsLrpHRL7ZvpvFmbg/dti=1/m=_b,_tp:563
[  212576ms] [LOG] %c%s font-size: 18px; Using this console may allow attackers to impersonate you and steal your information using an attack called Self-XSS.
Do not enter or paste code that you do not understand. @ https://www.gstatic.com/_/mss/boq-identity/_/js/k=boq-identity.AccountsSignInUi.en_US.HlNk4SmlRUo.es5.O/am=QQQAAADgwBsJAPrfAAACCLYDvq8FoAkQMgAAAAAAAAAAgBUAAFQRQA/d=1/excm=_b,_tp,identifierview/ed=1/dg=0/wt=2/ujg=1/rs=AOaEmlFuP7_syj3vWKsLrpHRL7ZvpvFmbg/dti=1/m=_b,_tp:563
[  213289ms] [WARNING] The powerPreference option is currently ignored when calling requestAdapter() on Windows. See https://crbug.com/369219127 @ :0
[  213292ms] [WARNING] The powerPreference option is currently ignored when calling requestAdapter() on Windows. See https://crbug.com/369219127 @ :0
[  225441ms] [WARNING] Blocked aria-hidden on an element because its descendant retained focus. The focus must not be hidden from assistive technology users. Avoid using aria-hidden on a focused element or its ancestor. Consider using the inert attribute instead, which will also prevent focus. For more details, see the aria-hidden section of the WAI-ARIA specification at https://w3c.github.io/aria/#aria-hidden.
Element with focus: <div.VfPpkd-qNpTzb-P1ekSe VfPpkd-qNpTzb-P1ekSe-OWXEXe-A9y3zc VfPpkd-qNpTzb-P1ekSe-OWXEXe-OiiCO-IhfUye>
Ancestor with aria-hidden: <div.wuMMWb> @ https://accounts.google.com/v3/signin/identifier?opparams=%253Flibrary_name%253DAuth0&dsh=S-432673152%3A1790170097744645&client_id=310784031774-urlisipbtcepks7jh8as1h6556v8bjok.apps.googleusercontent.com&o2v=1&redirect_uri=https%3A%2F%2Fauth.tgcloud.io%2Flogin%2Fcallback&response_type=code&scope=email+profile&service=lso&state=Nx10uMyzPKTow0SnFCPGvbpLnBUut-JF&flowName=GeneralOAuthFlow&continue=https%3A%2F%2Faccounts.google.com%2Fsignin%2Foauth%2Fconsent%3Fauthuser%3Dunknown%26part%3DAJi8hAOKLmLmQC3E0iGLXLOL7r8lq4veC0eF2pccdtABYDBQnX5mwOnBD0wBPWEmUnqt-Tre7tiquiWF2tlq60XIINZ2bSevEhlXR7Lo7PvYftg_E9Ud2DsT54v2oXIwu-JwU3N7ES3ZTvdcEyuKNuj-R0qZXZtrKmtZVveXdnftyrLbhTc7zm89mHYlbh6wno-D5ZjaSAUfNCs-nf1qBVdk5xS8nZW97CKqtJ0JIPi8fHW6_FI8WT0_B7hQWxcqw88vxJ2yHieMX753XKczksNoUoaL5n0itgLlTI0FqNWrwc7hDAAjBw-q_Iu0htf1zd_6OqFdjuHZQrOo5XfhNFn_oGqSfUup-o83ykIglqCLI4WazumMrtjFzIg9fGwRWEGgzFFs5a-fGNlLddOoN7hctrkRktoDF9T6JnIINCw0eNWypXOnaTMfxzOZMOW1mwDUBJGosGti055ZmZv5B-iv_sd3jjPV7Q%26flowName%3DGeneralOAuthFlow%26as%3DS-432673152%253A1790170097744645%26client_id%3D310784031774-urlisipbtcepks7jh8as1h6556v8bjok.apps.googleusercontent.com%26requestPath%3D%252Fsignin%252Foauth%252Fconsent%23&app_domain=https%3A%2F%2Fauth.tgcloud.io&rart=ANgoxcfKQl-wT5-i5OGR8uA6TNan7cJKNpZEb-R4ezpgh8K2tGM42hmdG1Wm0LUQ7-k26PUAXBp16WO9KNExEUXfrJ3tlE8KA_Co51yiyxyCkhAjp8qGAxk:0
[  229075ms] [VERBOSE] [DOM] Password field is not contained in a form: (More info: https://goo.gl/9p2vKq) %o @ https://accounts.google.com/v3/signin/challenge/pwd?TL=ACv9tzHRarK6bxIgPbkCGDIJw88atzwgZr4byUjbzB_WZpOyRrLwWy7zi222W4M8&app_domain=https%3A%2F%2Fauth.tgcloud.io&checkConnection=youtube%3A462&checkedDomains=youtube&cid=2&client_id=310784031774-urlisipbtcepks7jh8as1h6556v8bjok.apps.googleusercontent.com&continue=https%3A%2F%2Faccounts.google.com%2Fsignin%2Foauth%2Fconsent%3Fauthuser%3Dunknown%26part%3DAJi8hAOKLmLmQC3E0iGLXLOL7r8lq4veC0eF2pccdtABYDBQnX5mwOnBD0wBPWEmUnqt-Tre7tiquiWF2tlq60XIINZ2bSevEhlXR7Lo7PvYftg_E9Ud2DsT54v2oXIwu-JwU3N7ES3ZTvdcEyuKNuj-R0qZXZtrKmtZVveXdnftyrLbhTc7zm89mHYlbh6wno-D5ZjaSAUfNCs-nf1qBVdk5xS8nZW97CKqtJ0JIPi8fHW6_FI8WT0_B7hQWxcqw88vxJ2yHieMX753XKczksNoUoaL5n0itgLlTI0FqNWrwc7hDAAjBw-q_Iu0htf1zd_6OqFdjuHZQrOo5XfhNFn_oGqSfUup-o83ykIglqCLI4WazumMrtjFzIg9fGwRWEGgzFFs5a-fGNlLddOoN7hctrkRktoDF9T6JnIINCw0eNWypXOnaTMfxzOZMOW1mwDUBJGosGti055ZmZv5B-iv_sd3jjPV7Q%26flowName%3DGeneralOAuthFlow%26as%3DS-432673152%253A1790170097744645%26client_id%3D310784031774-urlisipbtcepks7jh8as1h6556v8bjok.apps.googleusercontent.com%26requestPath%3D%252Fsignin%252Foauth%252Fconsent%23&dsh=S-432673152%3A1790170097744645&flowName=GeneralOAuthFlow&o2v=1&opparams=%253Flibrary_name%253DAuth0&pstMsg=1&rart=ANgoxcfKQl-wT5-i5OGR8uA6TNan7cJKNpZEb-R4ezpgh8K2tGM42hmdG1Wm0LUQ7-k26PUAXBp16WO9KNExEUXfrJ3tlE8KA_Co51yiyxyCkhAjp8qGAxk&redirect_uri=https%3A%2F%2Fauth.tgcloud.io%2Flogin%2Fcallback&response_type=code&scope=email%20profile&service=lso&state=Nx10uMyzPKTow0SnFCPGvbpLnBUut-JF:0
[  229439ms] [WARNING] The powerPreference option is currently ignored when calling requestAdapter() on Windows. See https://crbug.com/369219127 @ :0
[  250182ms] [LOG] =============================================================== @ https://savanna.tgcloud.io/assets/main-CRUrphJC.js:69
[  250182ms] [LOG]  _______                 ______                 __ @ https://savanna.tgcloud.io/assets/main-CRUrphJC.js:69
[  250182ms] [LOG]  /_  __(_)___ ____  _____/ ____/________ _____  / /_ @ https://savanna.tgcloud.io/assets/main-CRUrphJC.js:69
[  250182ms] [LOG]   / / / / __ `/ _ \/ ___/ / __/ ___/ __ `/ __ \/ __ \ @ https://savanna.tgcloud.io/assets/main-CRUrphJC.js:69
[  250182ms] [LOG]  / / / / /_/ /  __/ /  / /_/ / /  / /_/ / /_/ / / / / @ https://savanna.tgcloud.io/assets/main-CRUrphJC.js:69
[  250182ms] [LOG] /_/ /_/\__, /\___/_/   \____/_/   \__,_/ .___/_/ /_/ @ https://savanna.tgcloud.io/assets/main-CRUrphJC.js:69
[  250182ms] [LOG]      /____/                          /_/ @ https://savanna.tgcloud.io/assets/main-CRUrphJC.js:69
[  250182ms] [LOG] =============================================================== @ https://savanna.tgcloud.io/assets/main-CRUrphJC.js:69
[  250182ms] [LOG] TigerGraph Savanna 1.7.0.8521 @ https://savanna.tgcloud.io/assets/main-CRUrphJC.js:69
[  250182ms] [LOG] Powered by TigerGraph @ https://savanna.tgcloud.io/assets/main-CRUrphJC.js:69
[  250183ms] [LOG] Wasm SIMD support detected! @ https://savanna.tgcloud.io/assets/vendor-BmmToX3A.js:1895
[  250196ms] [LOG] fetch session status... @ https://savanna.tgcloud.io/assets/main-CRUrphJC.js:69
[  251132ms] [WARNING] no org_id found in id token @ https://savanna.tgcloud.io/assets/main-CRUrphJC.js:69
[  251132ms] [WARNING] try to re login with last_login_org @ https://savanna.tgcloud.io/assets/main-CRUrphJC.js:69
[  255499ms] [LOG] =============================================================== @ https://savanna.tgcloud.io/assets/main-CRUrphJC.js:69
[  255499ms] [LOG]  _______                 ______                 __ @ https://savanna.tgcloud.io/assets/main-CRUrphJC.js:69
[  255499ms] [LOG]  /_  __(_)___ ____  _____/ ____/________ _____  / /_ @ https://savanna.tgcloud.io/assets/main-CRUrphJC.js:69
[  255499ms] [LOG]   / / / / __ `/ _ \/ ___/ / __/ ___/ __ `/ __ \/ __ \ @ https://savanna.tgcloud.io/assets/main-CRUrphJC.js:69
[  255499ms] [LOG]  / / / / /_/ /  __/ /  / /_/ / /  / /_/ / /_/ / / / / @ https://savanna.tgcloud.io/assets/main-CRUrphJC.js:69
[  255499ms] [LOG] /_/ /_/\__, /\___/_/   \____/_/   \__,_/ .___/_/ /_/ @ https://savanna.tgcloud.io/assets/main-CRUrphJC.js:69
[  255499ms] [LOG]      /____/                          /_/ @ https://savanna.tgcloud.io/assets/main-CRUrphJC.js:69
[  255499ms] [LOG] =============================================================== @ https://savanna.tgcloud.io/assets/main-CRUrphJC.js:69
[  255499ms] [LOG] TigerGraph Savanna 1.7.0.8521 @ https://savanna.tgcloud.io/assets/main-CRUrphJC.js:69
[  255499ms] [LOG] Powered by TigerGraph @ https://savanna.tgcloud.io/assets/main-CRUrphJC.js:69
[  255499ms] [LOG] Wasm SIMD support detected! @ https://savanna.tgcloud.io/assets/vendor-BmmToX3A.js:1895
[  255504ms] [LOG] fetch session status... @ https://savanna.tgcloud.io/assets/main-CRUrphJC.js:69
[  259549ms] [ERROR] Failed to load resource: the server responded with a status of 403 () @ https://api.tgcloud.io/controller/v4/v2/cloud-providers:0
[  259550ms] [ERROR] la @ https://savanna.tgcloud.io/assets/main-CRUrphJC.js:69
[  260492ms] [ERROR] Failed to load resource: the server responded with a status of 500 () @ https://api.tgcloud.io/controller/v4/v2/billing/credit:0
[  260572ms] [ERROR] la @ https://savanna.tgcloud.io/assets/main-CRUrphJC.js:69
[  264425ms] [WARNING] `preventOverflow` modifier is required by `hide` modifier in order to work, be sure to include it before `hide`! @ https://savanna.tgcloud.io/assets/vendor-BmmToX3A.js:76
